// Vitest Snapshot v1, https://vitest.dev/guide/snapshot.html

exports[`MainLayout > matches snapshot 1`] = `
<div>
  <div
    class="layout"
  >
    <header
      class="header"
      role="banner"
    >
      <h2
        class="header-title"
      >
        <a
          aria-current="page"
          class="active"
          data-discover="true"
          href="/"
        >
          Rick and Morty Characters
        </a>
      </h2>
      <button
        aria-controls="main-navigation"
        aria-expanded="false"
        aria-label="Open Menu"
        class="button-component primary text-sm px-3 py-2 burger-icon"
        type="button"
      >
        <svg
          fill="currentColor"
          height="1em"
          stroke="currentColor"
          stroke-width="0"
          viewBox="0 0 448 512"
          width="1em"
          xmlns="http://www.w3.org/2000/svg"
        >
          <path
            d="M16 132h416c8.837 0 16-7.163 16-16V76c0-8.837-7.163-16-16-16H16C7.163 60 0 67.163 0 76v40c0 8.837 7.163 16 16 16zm0 160h416c8.837 0 16-7.163 16-16v-40c0-8.837-7.163-16-16-16H16c-8.837 0-16 7.163-16 16v40c0 8.837 7.163 16 16 16zm0 160h416c8.837 0 16-7.163 16-16v-40c0-8.837-7.163-16-16-16H16c-8.837 0-16 7.163-16 16v40c0 8.837 7.163 16 16 16z"
          />
        </svg>
      </button>
      <nav
        aria-label="Main navigation"
        class="navbar"
        id="main-navigation"
        role="navigation"
      >
        <ul
          class="menu"
        >
          <li>
            <a
              aria-current="page"
              class="item active"
              data-discover="true"
              href="/"
            >
              <span>
                Characters
              </span>
            </a>
          </li>
          <li>
            <a
              class="item"
              data-discover="true"
              href="/episodes"
            >
              <span>
                Episodes
              </span>
            </a>
          </li>
          <li>
            <a
              class="item"
              data-discover="true"
              href="/location"
            >
              <span>
                Location
              </span>
            </a>
          </li>
        </ul>
      </nav>
    </header>
    <main
      aria-label="Main content"
      class="main"
      role="main"
    >
      <div>
        Hello snapshot
      </div>
    </main>
  </div>
</div>
`;
